WRN 2026-08-28T22:24:34.069 ?.28850    server_start:197: Failed to start server: operation not permitted: /var/folders/y3/ffb70j6j5nv06wfs958v7t500000gq/T/nvim.danielbarde/RtIObZ/nvim.28850.0
WRN 2026-08-28T22:24:55.821 ?.29106    server_start:197: Failed to start server: operation not permitted: /var/folders/y3/ffb70j6j5nv06wfs958v7t500000gq/T/nvim.danielbarde/WnE8Nd/nvim.29106.0
WRN 2026-08-28T22:24:55.876 ?.29107    server_start:197: Failed to start server: operation not permitted: /var/folders/y3/ffb70j6j5nv06wfs958v7t500000gq/T/nvim.danielbarde/bmYsAi/nvim.29107.0
WRN 2026-08-28T22:29:32.951 ?.29228    server_start:197: Failed to start server: operation not permitted: /var/folders/y3/ffb70j6j5nv06wfs958v7t500000gq/T/nvim.danielbarde/1ClATL/nvim.29228.0
WRN 2026-08-28T22:29:33.005 ?.29229    server_start:197: Failed to start server: operation not permitted: /var/folders/y3/ffb70j6j5nv06wfs958v7t500000gq/T/nvim.danielbarde/HUBakt/nvim.29229.0
WRN 2026-08-28T22:29:33.040 ?.29230    server_start:197: Failed to start server: operation not permitted: /var/folders/y3/ffb70j6j5nv06wfs958v7t500000gq/T/nvim.danielbarde/4AmEOC/nvim.29230.0
WRN 2026-08-28T22:29:33.085 ?.29231    server_start:197: Failed to start server: operation not permitted: /var/folders/y3/ffb70j6j5nv06wfs958v7t500000gq/T/nvim.danielbarde/MkoOZe/nvim.29231.0
WRN 2026-08-28T22:30:49.121 ?.29254    server_start:197: Failed to start server: operation not permitted: /var/folders/y3/ffb70j6j5nv06wfs958v7t500000gq/T/nvim.danielbarde/lGHcym/nvim.29254.0
WRN 2026-08-28T22:30:50.216 ?.29257    server_start:197: Failed to start server: operation not permitted: /var/folders/y3/ffb70j6j5nv06wfs958v7t500000gq/T/nvim.danielbarde/Uz5IQf/nvim.29257.0
WRN 2026-08-28T22:30:58.050 ?.29262    server_start:197: Failed to start server: operation not permitted: /var/folders/y3/ffb70j6j5nv06wfs958v7t500000gq/T/nvim.danielbarde/CV0c2h/nvim.29262.0
WRN 2026-08-28T22:32:34.831 ?.29283    server_start:197: Failed to start server: operation not permitted: /var/folders/y3/ffb70j6j5nv06wfs958v7t500000gq/T/nvim.danielbarde/AmuRhL/nvim.29283.0
WRN 2026-08-29T06:43:18.253 ?.31436    server_start:197: Failed to start server: operation not permitted: /var/folders/y3/ffb70j6j5nv06wfs958v7t500000gq/T/nvim.danielbarde/uJ62Zv/nvim.31436.0
WRN 2026-08-29T07:12:35.674 ?.32107    server_start:197: Failed to start server: operation not permitted: /var/folders/y3/ffb70j6j5nv06wfs958v7t500000gq/T/nvim.danielbarde/3PNUt7/nvim.32107.0
WRN 2026-08-29T07:12:35.792 ?.32109    server_start:197: Failed to start server: operation not permitted: /var/folders/y3/ffb70j6j5nv06wfs958v7t500000gq/T/nvim.danielbarde/JKz5Cu/nvim.32109.0
WRN 2026-08-29T07:15:23.806 ?.32164    server_start:197: Failed to start server: operation not permitted: /var/folders/y3/ffb70j6j5nv06wfs958v7t500000gq/T/nvim.danielbarde/jnIImj/nvim.32164.0
WRN 2026-08-29T07:15:23.915 ?.32168    server_start:197: Failed to start server: operation not permitted: /var/folders/y3/ffb70j6j5nv06wfs958v7t500000gq/T/nvim.danielbarde/nqHtJn/nvim.32168.0
WRN 2026-08-29T07:19:40.552 ?.32890    server_start:197: Failed to start server: operation not permitted: /var/folders/y3/ffb70j6j5nv06wfs958v7t500000gq/T/nvim.danielbarde/9F157H/nvim.32890.0
WRN 2026-08-29T07:20:27.748 ?.33163    server_start:197: Failed to start server: operation not permitted: /var/folders/y3/ffb70j6j5nv06wfs958v7t500000gq/T/nvim.danielbarde/RbfUZs/nvim.33163.0
WRN 2026-08-29T07:20:27.796 ?.33164    server_start:197: Failed to start server: operation not permitted: /var/folders/y3/ffb70j6j5nv06wfs958v7t500000gq/T/nvim.danielbarde/UyHlJi/nvim.33164.0
WRN 2026-08-29T07:20:27.829 ?.33166    server_start:197: Failed to start server: operation not permitted: /var/folders/y3/ffb70j6j5nv06wfs958v7t500000gq/T/nvim.danielbarde/XkJ3LK/nvim.33166.0
WRN 2026-08-29T07:20:27.856 ?.33167    server_start:197: Failed to start server: operation not permitted: /var/folders/y3/ffb70j6j5nv06wfs958v7t500000gq/T/nvim.danielbarde/bZyAPU/nvim.33167.0
WRN 2026-08-29T07:20:27.884 ?.33168    server_start:197: Failed to start server: operation not permitted: /var/folders/y3/ffb70j6j5nv06wfs958v7t500000gq/T/nvim.danielbarde/ocuere/nvim.33168.0
WRN 2026-08-29T07:20:27.920 ?.33156    server_start:197: Failed to start server: operation not permitted: /var/folders/y3/ffb70j6j5nv06wfs958v7t500000gq/T/nvim.danielbarde/D7kMBI/nvim.33156.0
WRN 2026-08-29T07:43:21.643 ?.61007    server_start:197: Failed to start server: operation not permitted: /var/folders/y3/ffb70j6j5nv06wfs958v7t500000gq/T/nvim.danielbarde/ZPO9G2/nvim.61007.0
WRN 2026-08-29T07:45:06.846 ?.64938    server_start:197: Failed to start server: operation not permitted: /var/folders/y3/ffb70j6j5nv06wfs958v7t500000gq/T/nvim.danielbarde/awlt3U/nvim.64938.0
WRN 2026-08-29T07:45:13.179 ?.65125    server_start:197: Failed to start server: operation not permitted: /var/folders/y3/ffb70j6j5nv06wfs958v7t500000gq/T/nvim.danielbarde/ynTRe8/nvim.65125.0
WRN 2026-08-29T07:45:13.237 ?.65137    server_start:197: Failed to start server: operation not permitted: /var/folders/y3/ffb70j6j5nv06wfs958v7t500000gq/T/nvim.danielbarde/2hp16Q/nvim.65137.0
WRN 2026-08-29T07:45:17.273 ?.65257    server_start:197: Failed to start server: operation not permitted: /var/folders/y3/ffb70j6j5nv06wfs958v7t500000gq/T/nvim.danielbarde/NC5n5j/nvim.65257.0
WRN 2026-08-29T07:45:17.334 ?.65259    server_start:197: Failed to start server: operation not permitted: /var/folders/y3/ffb70j6j5nv06wfs958v7t500000gq/T/nvim.danielbarde/2UzC29/nvim.65259.0
WRN 2026-08-29T08:05:58.029 ?.88203    server_start:197: Failed to start server: operation not permitted: /var/folders/y3/ffb70j6j5nv06wfs958v7t500000gq/T/nvim.danielbarde/3hWK18/nvim.88203.0
WRN 2026-08-29T08:05:58.105 ?.88204    server_start:197: Failed to start server: operation not permitted: /var/folders/y3/ffb70j6j5nv06wfs958v7t500000gq/T/nvim.danielbarde/CUZqcN/nvim.88204.0
WRN 2026-08-29T08:05:58.169 ?.88210    server_start:197: Failed to start server: operation not permitted: /var/folders/y3/ffb70j6j5nv06wfs958v7t500000gq/T/nvim.danielbarde/avbL8h/nvim.88210.0
WRN 2026-08-29T08:05:58.216 ?.88199    server_start:197: Failed to start server: operation not permitted: /var/folders/y3/ffb70j6j5nv06wfs958v7t500000gq/T/nvim.danielbarde/dZ0aO9/nvim.88199.0
WRN 2026-08-29T08:16:07.107 ?.6986     server_start:197: Failed to start server: operation not permitted: /var/folders/y3/ffb70j6j5nv06wfs958v7t500000gq/T/nvim.danielbarde/nzgNMg/nvim.6986.0
WRN 2026-08-29T08:16:07.293 ?.6988     server_start:197: Failed to start server: operation not permitted: /var/folders/y3/ffb70j6j5nv06wfs958v7t500000gq/T/nvim.danielbarde/OOaBVH/nvim.6988.0
WRN 2026-08-29T08:16:14.812 ?.7189     server_start:197: Failed to start server: operation not permitted: /var/folders/y3/ffb70j6j5nv06wfs958v7t500000gq/T/nvim.danielbarde/wGPAVc/nvim.7189.0
